]0;~/Documents/Git_Projects/Games-and-Quantal-Equilibrium[?1034hMacBook-Pro-Manuel:Games-and-Quantal-Equilibrium odiliaulloapadilla$ [KMacBook-Pro-Manuel:Games-and-Quantal-Equilibrium odiliaulloapadilla$ [KMacBook-Pro-Manuel:Games-and-Quantal-Equilibrium odiliaulloapadilla$ git status
On branch master
Your branch is up-to-date with 'origin/master'.

Changes not staged for commit:
  (use "git add <file>..." to update what will be committed)
  (use "git checkout -- <file>..." to discard changes in working directory)

	[31mmodified:   .DS_Store[m

Untracked files:
  (use "git add <file>..." to include in what will be committed)

	[31m.gitignore[m
	[31mGames-and-Quantal-Equilibrium.Rproj[m

no changes added to commit (use "git add" and/or "git commit -a")
[KMacBook-Pro-Manuel:Games-and-Quantal-Equilibrium odiliaulloapadilla$ git status
On branch master
Your branch is up-to-date with 'origin/master'.

Changes not staged for commit:
  (use "git add <file>..." to update what will be committed)
  (use "git checkout -- <file>..." to discard changes in working directory)

	[31mmodified:   .DS_Store[m

Untracked files:
  (use "git add <file>..." to include in what will be committed)

	[31m.gitignore[m

no changes added to commit (use "git add" and/or "git commit -a")
]0;~/Documents/Git_Projects/Games-and-Quantal-EquilibriumMacBook-Pro-Manuel:Games-and-Quantal-Equilibrium odiliaulloapadilla$ git stati us
On branch master
Your branch is up-to-date with 'origin/master'.

Changes not staged for commit:
  (use "git add <file>..." to update what will be committed)
  (use "git checkout -- <file>..." to discard changes in working directory)

	[31mmodified:   .DS_Store[m

Untracked files:
  (use "git add <file>..." to include in what will be committed)

	[31m.Rhistory[m
	[31m.Rproj.user/[m

no changes added to commit (use "git add" and/or "git commit -a")
]0;~/Documents/Git_Projects/Games-and-Quantal-EquilibriumMacBook-Pro-Manuel:Games-and-Quantal-Equilibrium odiliaulloapadilla$ git checkout masy ter
M	.DS_Store
Already on 'master'
Your branch is up-to-date with 'origin/master'.
]0;~/Documents/Git_Projects/Games-and-Quantal-EquilibriumMacBook-Pro-Manuel:Games-and-Quantal-Equilibrium odiliaulloapadilla$ git pull origin master
From https://github.com/ManuelVU/Games-and-Quantal-Equilibrium
 * branch            master     -> FETCH_HEAD
Already up-to-date.
]0;~/Documents/Git_Projects/Games-and-Quantal-EquilibriumMacBook-Pro-Manuel:Games-and-Quantal-Equilibrium odiliaulloapadilla$ git status
On branch master
Your branch is up-to-date with 'origin/master'.

Changes not staged for commit:
  (use "git add <file>..." to update what will be committed)
  (use "git checkout -- <file>..." to discard changes in working directory)

	[31mmodified:   .DS_Store[m

Untracked files:
  (use "git add <file>..." to include in what will be committed)

	[31m.Rhistory[m
	[31m.Rproj.user/[m

no changes added to commit (use "git add" and/or "git commit -a")
]0;~/Documents/Git_Projects/Games-and-Quantal-EquilibriumMacBook-Pro-Manuel:Games-and-Quantal-Equilibrium odiliaulloapadilla$ 